// Jest Snapshot v1, https://goo.gl/fbAQLP

exports[`Sidebar Component will mount the component 1`] = `
<div class="v-sidebar-menu vsm_collapsed" style="max-width: 50px;" hiddenoncollapse="true" data-sidebar="">
  <div class="vsm--scroll-wrapper" style="margin-right: -17px;">
    <div class="vsm--list" style="width: 50px;">
      <div class="vsm--item"><a target="_self" href="[object Object]" class="vsm--link vsm--link_level-1"><i class="vsm--icon fas fa-home">

          </i>
          <!---->
          <!----></a>
        <!---->
      </div>
      <div class="vsm--item"><a target="_self" href="[object Object]" class="vsm--link vsm--link_level-1"><i class="vsm--icon fas fa-server">

          </i>
          <!---->
          <!----></a>
        <!---->
      </div>
      <div class="vsm--item"><a target="_self" href="#" class="vsm--link vsm--link_level-1"><i class="vsm--icon fas fa-database">

          </i>
          <!---->
          <!----></a>
        <!---->
      </div>
      <div class="vsm--item"><a target="_self" href="[object Object]" class="vsm--link vsm--link_level-1"><i class="vsm--icon fas fa-object-group">

          </i>
          <!---->
          <!----></a>
        <!---->
      </div>
      <div class="vsm--item"><a target="_self" href="[object Object]" class="vsm--link vsm--link_level-1"><i class="vsm--icon far fa-calendar-times">

          </i>
          <!---->
          <!----></a>
        <!---->
      </div>
      <div class="vsm--item"><a target="_self" href="[object Object]" class="vsm--link vsm--link_level-1"><i class="vsm--icon fas fa-bell">

          </i>
          <!---->
          <!----></a>
        <!---->
      </div>
      <div class="vsm--item"><a target="_self" href="#" class="vsm--link vsm--link_level-1"><i class="vsm--icon fas fa-dollar-sign">

          </i>
          <!---->
          <!----></a>
        <!---->
      </div>
    </div>
    <div class="vsm--mobile-item" style="position: absolute; top: 0px; left: 0px; padding-left: 50px; z-index: 0; width: 0px; max-width: 250px;">
      <!---->
      <!---->
    </div>
  </div> <button class="vsm--toggle-btn vsm--toggle-btn_slot"><span><b-icon pack="fas" icon="bars" size="is-small"></b-icon></span></button>
</div>
`;
